// Jest Snapshot v1, https://goo.gl/fbAQLP

exports[`Shape Triangle Render should output code to build an SVG xml file. 1`] = `
"<svg viewBox="0 0 100 100" xmlns="http://www.w3.org/2000/svg">
        <polygon points="50,10 100,90 0,90" fill="shapecolor"/>
        	<text style="font-size:20;" fill="textcolor" text-anchor="middle" dominant-baseline="middle" x="50" y="58" class="text">text</text>
	    <text style="font-size:4; letter-spacing:1.5;" fill="textcolor" text-anchor="middle" dominant-baseline="middle" x="50" y="73" class="text">EST. 2024</text>
        </svg>"
`;
